// Jest Snapshot v1, https://goo.gl/fbAQLP

exports[`Pruebas para Card Debe hacer match con el snapshot 1`] = `
<div>
  <div
    class="card"
  >
    <img
      alt="Saitama"
      src="https://one-puch.com/saitama.png"
    />
    <p>
      Saitama
    </p>
  </div>
</div>
`;
